[INFO] 2021/04/04 06:55:35 runningbash
[INFO] 2021/04/04 07:21:00 running 
[INFO] 2021/04/04 07:21:31 running sh
[INFO] 2021/04/04 07:22:09 running sh
[INFO] 2021/04/04 07:25:34 running sh
[DEBUG] 2021/04/04 07:25:34 sh
[INFO] 2021/04/04 07:30:21 running sh
[DEBUG] 2021/04/04 07:30:21 sh
[INFO] 2021/04/04 07:30:38 running sh
[DEBUG] 2021/04/04 07:30:38 tty=0
[DEBUG] 2021/04/04 07:30:38 sh
[INFO] 2021/04/04 07:35:58 running sh
[DEBUG] 2021/04/04 07:35:58 sh
[INFO] 2021/04/04 07:43:33 running sh
[DEBUG] 2021/04/04 07:43:33 sh
[INFO] 2021/04/04 07:44:47 running sh
[DEBUG] 2021/04/04 07:44:47 sh
[INFO] 2021/04/04 07:46:45 running sh
[DEBUG] 2021/04/04 07:46:45 sh
[ERROR] 2021/04/04 07:49:50 exit status 127
[DEBUG] 2021/04/04 08:16:31  
[INFO] 2021/04/04 08:25:05 running sh
[DEBUG] 2021/04/04 08:25:05 sh
[INFO] 2021/04/04 08:25:29 running sh
[DEBUG] 2021/04/04 08:25:29 sh
[INFO] 2021/04/04 08:25:37 running sh
[DEBUG] 2021/04/04 08:25:37 sh
[INFO] 2021/04/04 08:26:49 running sh
[DEBUG] 2021/04/04 08:26:49 sh
[INFO] 2021/04/04 08:27:06 running sh
[DEBUG] 2021/04/04 08:27:06 sh
[DEBUG] 2021/04/04 08:31:25 os.Args=run
[DEBUG] 2021/04/04 08:31:58 os.Args=-s
[DEBUG] 2021/04/04 08:35:31 
[INFO] 2021/04/04 08:35:31 running sh
[DEBUG] 2021/04/04 08:35:31 sh
[DEBUG] 2021/04/04 08:36:43 flag.NArg=
[INFO] 2021/04/04 08:36:43 running sh
[DEBUG] 2021/04/04 08:36:43 sh
[INFO] 2021/04/04 08:37:15 running sh
[DEBUG] 2021/04/04 08:37:15 sh
[INFO] 2021/04/04 08:48:45 running sh
[DEBUG] 2021/04/04 08:48:45 sh
[INFO] 2021/04/04 08:49:55 running sh
[DEBUG] 2021/04/04 08:49:55 sh
[INFO] 2021/04/04 08:50:35 running sh
[DEBUG] 2021/04/04 08:50:35 sh
[INFO] 2021/04/04 08:52:24 running sh
[DEBUG] 2021/04/04 08:52:24 sh
[INFO] 2021/04/05 07:27:34 running sh
[INFO] 2021/04/05 07:28:05 running sh
[INFO] 2021/04/05 07:30:06 running sh
[INFO] 2021/04/05 07:30:48 running sh
[INFO] 2021/04/05 07:30:48 initializing sh
[INFO] 2021/04/05 07:30:48 sh
[ERROR] 2021/04/05 07:30:48 no such file or directory
[INFO] 2021/04/05 07:31:58 running sh
[INFO] 2021/04/05 07:31:58 initializing sh
[INFO] 2021/04/05 07:31:58 sh
[DEBUG] 2021/04/05 07:31:58 123
[ERROR] 2021/04/05 07:31:58 no such file or directory
[INFO] 2021/04/05 07:32:50 running ps
[INFO] 2021/04/05 07:32:50 initializing ps
[INFO] 2021/04/05 07:32:50 ps
[DEBUG] 2021/04/05 07:32:50 123
[ERROR] 2021/04/05 07:32:50 no such file or directory
[INFO] 2021/04/05 07:34:48 running /bin/sh
[INFO] 2021/04/05 07:34:48 initializing /bin/sh
[INFO] 2021/04/05 07:34:48 /bin/sh
[INFO] 2021/04/05 07:38:52 running /bin/sh
[INFO] 2021/04/05 07:38:52 initializing /bin/sh
[INFO] 2021/04/05 07:38:52 /bin/sh
[INFO] 2021/04/05 08:04:41 running /bin/sh
[INFO] 2021/04/05 08:04:41 initializing /bin/sh
[INFO] 2021/04/05 08:04:41 /bin/sh
[DEBUG] 2021/04/05 08:06:31 3
[INFO] 2021/04/05 08:06:31 running /bin/sh
[ERROR] 2021/04/05 08:06:32 fork/exec /proc/self/exe: no such file or directory
[DEBUG] 2021/04/05 08:06:32 1
[INFO] 2021/04/05 08:07:40 running /bin/sh
[ERROR] 2021/04/05 08:07:40 fork/exec /proc/self/exe: no such file or directory
[INFO] 2021/04/05 08:08:18 running /bin/sh
[ERROR] 2021/04/05 08:08:18 fork/exec /proc/self/exe: no such file or directory
[INFO] 2021/04/05 08:12:26 running /bin/sh
[INFO] 2021/04/05 08:12:26 initializing /bin/sh
[INFO] 2021/04/05 08:12:26 /bin/sh
[INFO] 2021/04/05 08:12:39 running /bin/sh
[ERROR] 2021/04/05 08:12:39 fork/exec /proc/self/exe: no such file or directory
[INFO] 2021/04/05 08:27:43 running /bin/sh
[ERROR] 2021/04/05 08:27:43 fork/exec /proc/self/exe: no such file or directory
[INFO] 2021/04/05 08:32:18 running /bin/sh
[INFO] 2021/04/05 08:32:18 initializing /bin/sh
[INFO] 2021/04/05 08:32:18 /bin/sh
[INFO] 2021/04/05 08:32:22 running /bin/sh
[INFO] 2021/04/05 08:32:22 initializing /bin/sh
[INFO] 2021/04/05 08:32:22 /bin/sh
[INFO] 2021/04/06 03:10:21 running /bin/bash
[INFO] 2021/04/06 03:10:21 initializing /bin/bash
[INFO] 2021/04/06 03:10:21 /bin/bash
[INFO] 2021/04/06 03:10:35 running /bin/bash
[INFO] 2021/04/06 03:10:35 initializing /bin/bash
[INFO] 2021/04/06 03:10:35 /bin/bash
[INFO] 2021/04/06 03:11:22 running /bin/sh
[INFO] 2021/04/06 03:11:22 initializing /bin/sh
[INFO] 2021/04/06 03:11:22 /bin/sh
[INFO] 2021/04/06 03:12:33 running /bin/sh
[INFO] 2021/04/06 03:12:33 initializing /bin/sh
[INFO] 2021/04/06 03:12:33 /bin/sh
[INFO] 2021/04/06 03:13:12 running /bin/sh
[INFO] 2021/04/06 03:13:12 initializing /bin/sh
[INFO] 2021/04/06 03:13:12 /bin/sh
[INFO] 2021/04/06 03:13:46 running /bin/sh
[INFO] 2021/04/06 03:13:46 initializing /bin/sh
[INFO] 2021/04/06 03:13:46 /bin/sh
[INFO] 2021/04/06 03:14:13 running /bin/sh
[ERROR] 2021/04/06 03:14:13 fork/exec /proc/self/exe: no such file or directory
[INFO] 2021/04/06 03:17:12 running /bin/sh
[INFO] 2021/04/06 03:17:12 initializing /bin/sh
[INFO] 2021/04/06 03:17:12 /bin/sh
[INFO] 2021/04/06 03:17:29 running /bin/sh
[INFO] 2021/04/06 03:17:29 initializing /bin/sh
[INFO] 2021/04/06 03:17:29 /bin/sh
[INFO] 2021/04/06 03:17:59 running /bin/sh
[INFO] 2021/04/06 03:17:59 initializing /bin/sh
[INFO] 2021/04/06 03:17:59 /bin/sh
[INFO] 2021/04/06 03:18:16 running /bin/sh
[INFO] 2021/04/06 03:18:16 initializing /bin/sh
[INFO] 2021/04/06 03:18:16 /bin/sh
[INFO] 2021/04/06 03:18:48 running /bin/sh
[INFO] 2021/04/06 03:18:48 initializing /bin/sh
[INFO] 2021/04/06 03:18:48 /bin/sh
[INFO] 2021/04/06 06:10:24 running /bin/sh
[INFO] 2021/04/06 06:10:24 initializing /bin/sh
[INFO] 2021/04/06 06:10:24 /bin/sh
[INFO] 2021/04/07 00:28:48 running /bin/sh
[INFO] 2021/04/07 00:28:48 initializing /bin/sh
[INFO] 2021/04/07 00:28:48 /bin/sh
[INFO] 2021/04/07 01:49:22 running /bin/sh
[INFO] 2021/04/07 01:49:22 initializing /bin/sh
[INFO] 2021/04/07 01:49:22 /bin/sh
[INFO] 2021/04/07 02:13:19 running /bin/sh
[INFO] 2021/04/07 02:13:19 initializing /bin/sh
[INFO] 2021/04/07 02:13:19 /bin/sh
[INFO] 2021/04/07 02:16:01 running /bin/sh
[INFO] 2021/04/07 02:16:01 initializing /bin/sh
[INFO] 2021/04/07 02:16:01 /bin/sh
[INFO] 2021/04/07 02:23:04 Run /bin/sh
[INFO] 2021/04/07 02:23:04 Creating Container Process
[INFO] 2021/04/07 02:23:04 Initializing Container
[INFO] 2021/04/07 02:24:35 Run /bin/sh
[INFO] 2021/04/07 02:24:35 Creating Container Process
[INFO] 2021/04/07 02:24:35 Initializing Container
[INFO] 2021/04/07 02:26:21 Run /bin/sh
[INFO] 2021/04/07 02:26:21 Creating Container Process
[INFO] 2021/04/07 02:26:21 Initializing Container
[INFO] 2021/04/07 02:27:25 Run /bin/sh
[INFO] 2021/04/07 02:27:25 Creating Container Process
[INFO] 2021/04/07 02:27:25 Initializing Container
[INFO] 2021/04/07 02:44:29 Run /bin/sh
[INFO] 2021/04/07 02:44:29 Creating Container Process
[INFO] 2021/04/07 02:44:29 Initializing Container
[INFO] 2021/04/07 02:47:01 Run /bin/bssh
[INFO] 2021/04/07 02:47:01 Creating Container Process
[INFO] 2021/04/07 02:47:01 Initializing Container
[ERROR] 2021/04/07 02:47:01 no such file or directory
[INFO] 2021/04/07 02:47:06 Run /bin/bash
[INFO] 2021/04/07 02:47:06 Creating Container Process
[INFO] 2021/04/07 02:47:06 Initializing Container
[INFO] 2021/04/07 02:51:52 Run /bin/sh
[INFO] 2021/04/07 02:51:52 Creating Container Process
[INFO] 2021/04/07 02:51:52 Initializing Container
[INFO] 2021/04/07 02:52:17 Run /bin/sh
[INFO] 2021/04/07 02:52:17 Creating Container Process
[INFO] 2021/04/07 02:52:17 Initializing Container
[INFO] 2021/04/07 02:52:59 Run /bin/sh
[INFO] 2021/04/07 02:52:59 Creating Container Process
[INFO] 2021/04/07 02:52:59 Initializing Container
[INFO] 2021/04/07 05:27:39 Run /bin/sh
[INFO] 2021/04/07 05:27:39 Creating Container Process
[INFO] 2021/04/07 05:27:39 Initializing Container
[INFO] 2021/04/07 05:28:30 Run /bin/sh
[INFO] 2021/04/07 05:28:30 Creating Container Process
[INFO] 2021/04/07 05:28:30 Initializing Container
[INFO] 2021/04/07 05:29:52 Run /bin/sh
[DEBUG] 2021/04/07 05:29:52 Creating Container Process
[DEBUG] 2021/04/07 05:29:52 Initializing Container
[INFO] 2021/04/07 05:31:01 Run ls
[DEBUG] 2021/04/07 05:31:01 Creating Container Process
[DEBUG] 2021/04/07 05:31:01 Initializing Container
[ERROR] 2021/04/07 05:31:01 no such file or directory
[WARN] 2021/04/07 05:33:49 Missing Command,enter -h or -help to show usage
[INFO] 2021/04/08 08:23:55 Run /bin/sh
[DEBUG] 2021/04/08 08:23:55 Creating Container Process
[DEBUG] 2021/04/08 08:23:55 Initializing Container
[INFO] 2021/04/13 10:58:36 Run /bin/sh
[DEBUG] 2021/04/13 10:58:36 Creating Container Process
[DEBUG] 2021/04/13 10:58:36 Initializing Container
[INFO] 2021/04/13 13:30:33 Run /bin/sh
[DEBUG] 2021/04/13 13:30:33 Creating Container Process
[DEBUG] 2021/04/13 13:30:33 Initializing Container
[ERROR] 2021/04/14 07:06:45 invalid command
[ERROR] 2021/04/14 07:06:45 invalid command
[ERROR] 2021/04/14 07:06:51 invalid command
[ERROR] 2021/04/14 07:06:51 invalid command
[INFO] 2021/04/14 07:07:45 Run /bin/bash
[DEBUG] 2021/04/14 07:07:45 Creating Container Process
[DEBUG] 2021/04/14 07:07:45 Initializing Container
[INFO] 2021/04/14 07:08:12 Run /bin/sh
[DEBUG] 2021/04/14 07:08:12 Creating Container Process
[DEBUG] 2021/04/14 07:08:12 Initializing Container
[ERROR] 2021/04/14 07:08:58 invalid command
[INFO] 2021/04/14 07:08:58 Run -s
[DEBUG] 2021/04/14 07:08:58 Creating Container Process
[DEBUG] 2021/04/14 07:08:58 Initializing Container
[ERROR] 2021/04/14 07:08:58 no such file or directory
[ERROR] 2021/04/14 07:08:58 invalid command
[ERROR] 2021/04/14 07:09:52 invalid command
[INFO] 2021/04/14 07:09:52 Run -s
[DEBUG] 2021/04/14 07:09:52 Creating Container Process
[DEBUG] 2021/04/14 07:09:52 Initializing Container
[ERROR] 2021/04/14 07:09:52 no such file or directory
[ERROR] 2021/04/14 07:09:52 invalid command
[ERROR] 2021/04/14 07:09:59 invalid command
[ERROR] 2021/04/14 07:10:08 invalid command
[INFO] 2021/04/14 08:14:06 Run /bin/sh
[DEBUG] 2021/04/14 08:14:06 Creating Container Process
[DEBUG] 2021/04/14 08:14:06 Initializing Container
[ERROR] 2021/04/14 13:43:40 Missing Command, enter -h or -help to show usage
[ERROR] 2021/04/14 13:46:02 invalid command
[ERROR] 2021/04/14 13:46:22 invalid command
[INFO] 2021/04/14 13:48:33 Run /bin/sh
[DEBUG] 2021/04/14 13:48:33 Creating Container Process
[DEBUG] 2021/04/14 13:48:34 Initializing Container
[INFO] 2021/04/14 13:49:06 Run /bin/sh
[DEBUG] 2021/04/14 13:49:06 Creating Container Process
[DEBUG] 2021/04/14 13:49:06 Initializing Container
[INFO] 2021/04/14 13:49:31 Run /bin/sh
[DEBUG] 2021/04/14 13:49:31 Creating Container Process
[DEBUG] 2021/04/14 13:49:31 Initializing Container
[INFO] 2021/04/14 13:53:36 Run /bin/sh
[DEBUG] 2021/04/14 13:53:36 Creating Container Process
[DEBUG] 2021/04/14 13:53:58 Initializing Container
[INFO] 2021/04/15 12:56:15 Run /bin/sh
[DEBUG] 2021/04/15 12:56:15 Creating Container Process
[INFO] 2021/04/15 12:56:17 command is/bin/sh -s
[ERROR] 2021/04/15 12:56:17 invalid command
[INFO] 2021/04/15 13:28:18 Run /bin/sh
[DEBUG] 2021/04/15 13:28:18 Creating Container Process
[INFO] 2021/04/15 13:28:18 command is /bin/sh -s
[DEBUG] 2021/04/15 13:28:18 Initializing Container
[INFO] 2021/04/15 13:28:18 Find path/bin/sh
[ERROR] 2021/04/15 13:28:25 invalid command
[INFO] 2021/04/15 13:28:33 Run sh
[DEBUG] 2021/04/15 13:28:33 Creating Container Process
[INFO] 2021/04/15 13:28:33 command is sh -s
[DEBUG] 2021/04/15 13:28:33 Initializing Container
[INFO] 2021/04/15 13:28:33 Find path/usr/bin/sh
[ERROR] 2021/04/15 13:28:49 invalid command
